\BOOKMARK [0][-]{chapter.1}{\376\377\000A\000b\000o\000u\000t}{}% 1
\BOOKMARK [1][-]{section.1.1}{\376\377\000P\000r\000o\000j\000e\000c\000t\000\040\000S\000t\000r\000u\000c\000t\000u\000r\000e}{chapter.1}% 2
\BOOKMARK [2][-]{subsection.1.1.1}{\376\377\000P\000r\000o\000j\000e\000c\000t\000\040\000F\000o\000l\000d\000e\000r\000s}{section.1.1}% 3
\BOOKMARK [2][-]{subsection.1.1.2}{\376\377\000P\000r\000o\000j\000e\000c\000t\000\040\000F\000i\000l\000e\000s}{section.1.1}% 4
\BOOKMARK [1][-]{section.1.2}{\376\377\000S\000o\000f\000t\000w\000a\000r\000e\000\040\000U\000s\000a\000g\000e}{chapter.1}% 5
\BOOKMARK [2][-]{subsection.1.2.1}{\376\377\000C\000o\000m\000m\000a\000n\000d\000\040\000L\000i\000n\000e\000\040\000U\000s\000a\000g\000e}{section.1.2}% 6
\BOOKMARK [2][-]{subsection.1.2.2}{\376\377\000A\000n\000a\000c\000o\000n\000d\000a\000/\000S\000p\000y\000d\000e\000r\000\040\000U\000s\000a\000g\000e}{section.1.2}% 7
\BOOKMARK [2][-]{subsection.1.2.3}{\376\377\000P\000y\000C\000h\000a\000r\000m\000\040\000U\000s\000a\000g\000e}{section.1.2}% 8
\BOOKMARK [2][-]{subsection.1.2.4}{\376\377\000E\000c\000l\000i\000p\000s\000e\000/\000P\000y\000D\000e\000v\000\040\000U\000s\000a\000g\000e}{section.1.2}% 9
\BOOKMARK [1][-]{section.1.3}{\376\377\000T\000e\000c\000h\000n\000i\000c\000a\000l\000\040\000O\000v\000e\000r\000v\000i\000e\000w}{chapter.1}% 10
\BOOKMARK [2][-]{subsection.1.3.1}{\376\377\000T\000r\000a\000j\000e\000c\000t\000o\000r\000y\000\040\000G\000e\000n\000e\000r\000a\000t\000i\000o\000n}{section.1.3}% 11
\BOOKMARK [2][-]{subsection.1.3.2}{\376\377\000E\000s\000t\000i\000m\000a\000t\000i\000o\000n\000\040\000I\000n\000i\000t\000i\000a\000l\000i\000s\000a\000t\000i\000o\000n}{section.1.3}% 12
\BOOKMARK [2][-]{subsection.1.3.3}{\376\377\000S\000e\000n\000s\000o\000r\000\040\000C\000o\000n\000f\000i\000g\000u\000r\000a\000t\000i\000o\000n}{section.1.3}% 13
\BOOKMARK [2][-]{subsection.1.3.4}{\376\377\000S\000i\000m\000u\000l\000a\000t\000i\000o\000n\000\040\000L\000o\000o\000p}{section.1.3}% 14
\BOOKMARK [2][-]{subsection.1.3.5}{\376\377\000C\000a\000p\000t\000u\000r\000i\000n\000g\000\040\000R\000e\000s\000u\000l\000t\000s}{section.1.3}% 15
\BOOKMARK [2][-]{subsection.1.3.6}{\376\377\000D\000i\000s\000p\000l\000a\000y\000i\000n\000g\000\040\000R\000e\000s\000u\000l\000t\000s}{section.1.3}% 16
\BOOKMARK [2][-]{subsection.1.3.7}{\376\377\000R\000e\000c\000r\000e\000a\000t\000i\000o\000n}{section.1.3}% 17
\BOOKMARK [1][-]{section.1.4}{\376\377\000T\000r\000a\000j\000e\000c\000t\000o\000r\000y\000\040\000G\000e\000n\000e\000r\000a\000t\000i\000o\000n}{chapter.1}% 18
\BOOKMARK [2][-]{subsection.1.4.1}{\376\377\000V\000e\000h\000i\000c\000l\000e\000\040\000M\000o\000d\000e\000l}{section.1.4}% 19
\BOOKMARK [2][-]{subsection.1.4.2}{\376\377\000P\000a\000t\000h\000\040\000G\000e\000n\000e\000r\000a\000t\000i\000o\000n}{section.1.4}% 20
\BOOKMARK [3][-]{subsubsection*.3}{\376\377\000I\000N\000I\000\040\000C\000o\000n\000f\000i\000g\000u\000r\000a\000t\000i\000o\000n}{subsection.1.4.2}% 21
\BOOKMARK [3][-]{subsubsection*.4}{\376\377\000C\000S\000V\000\040\000C\000o\000n\000f\000i\000g\000u\000r\000a\000t\000i\000o\000n}{subsection.1.4.2}% 22
\BOOKMARK [3][-]{subsubsection*.5}{\376\377\000R\000a\000c\000e\000t\000r\000a\000c\000k\000\040\000C\000o\000n\000f\000i\000g\000u\000r\000a\000t\000i\000o\000n}{subsection.1.4.2}% 23
\BOOKMARK [2][-]{subsection.1.4.3}{\376\377\000G\000r\000a\000v\000i\000t\000y\000\040\000M\000o\000d\000e\000l}{section.1.4}% 24
\BOOKMARK [1][-]{section.1.5}{\376\377\000G\000r\000a\000v\000i\000t\000y\000\040\000M\000o\000d\000e\000l\000l\000i\000n\000g}{chapter.1}% 25
\BOOKMARK [2][-]{subsection.1.5.1}{\376\377\000G\000r\000a\000v\000i\000t\000y\000\040\000F\000u\000n\000c\000t\000i\000o\000n\000s}{section.1.5}% 26
\BOOKMARK [3][-]{subsubsection*.6}{\376\377\000F\000i\000x\000e\000d\000\040\000C\000o\000n\000s\000t\000a\000n\000t\000\040\000V\000a\000l\000u\000e}{subsection.1.5.1}% 27
\BOOKMARK [3][-]{subsubsection*.7}{\376\377\000S\000i\000m\000p\000l\000e\000\040\000U\000n\000i\000f\000o\000r\000m\000\040\000S\000p\000h\000e\000r\000e}{subsection.1.5.1}% 28
\BOOKMARK [3][-]{subsubsection*.8}{\376\377\000S\000o\000m\000i\000g\000l\000i\000a\000n\000a\000\040\000F\000o\000r\000m\000u\000l\000a}{subsection.1.5.1}% 29
\BOOKMARK [3][-]{subsubsection*.9}{\376\377\000N\000I\000M\000A\040\031\000s\000\040\000W\000G\000S\000-\0008\0004\000\040\000G\000r\000a\000v\000i\000t\000y}{subsection.1.5.1}% 30
\BOOKMARK [2][-]{subsection.1.5.2}{\376\377\000G\000r\000a\000v\000i\000t\000y\000\040\000C\000o\000r\000r\000e\000c\000t\000i\000o\000n\000\040\000M\000a\000p\000s}{section.1.5}% 31
\BOOKMARK [3][-]{subsubsection*.10}{\376\377\000E\000G\000M\000\040\000M\000o\000d\000e\000l\000s}{subsection.1.5.2}% 32
\BOOKMARK [3][-]{subsubsection*.11}{\376\377\000G\000e\000o\000s\000a\000t\000-\0004\0004}{subsection.1.5.2}% 33
\BOOKMARK [3][-]{subsubsection*.12}{\376\377\000M\000a\000r\000i\000n\000e\000\040\000G\000r\000a\000v\000i\000t\000y\000\040\000M\000a\000p}{subsection.1.5.2}% 34
\BOOKMARK [3][-]{subsubsection*.13}{\376\377\000G\000G\000M\000\040\000P\000l\000u\000s}{subsection.1.5.2}% 35
\BOOKMARK [3][-]{subsubsection*.14}{\376\377\000S\000R\000T\000M\0002\000G\000r\000a\000v\000i\000t\000y}{subsection.1.5.2}% 36
\BOOKMARK [3][-]{subsubsection*.15}{\376\377\000I\000r\000i\000s\000h\000\040\000S\000e\000a\000\040\000M\000o\000d\000e\000l}{subsection.1.5.2}% 37
\BOOKMARK [1][-]{section.1.6}{\376\377\000S\000e\000n\000s\000o\000r\000\040\000P\000r\000o\000c\000e\000s\000s\000i\000n\000g}{chapter.1}% 38
\BOOKMARK [2][-]{subsection.1.6.1}{\376\377\000C\000l\000a\000s\000s\000i\000c\000\040\000I\000n\000e\000r\000t\000i\000a}{section.1.6}% 39
\BOOKMARK [2][-]{subsection.1.6.2}{\376\377\000A\000l\000t\000i\000t\000u\000d\000e}{section.1.6}% 40
\BOOKMARK [2][-]{subsection.1.6.3}{\376\377\000G\000P\000S\000/\000G\000N\000S\000S}{section.1.6}% 41
\BOOKMARK [2][-]{subsection.1.6.4}{\376\377\000Q\000u\000a\000n\000t\000u\000m\000\040\000I\000n\000e\000r\000t\000i\000a}{section.1.6}% 42
\BOOKMARK [2][-]{subsection.1.6.5}{\376\377\000Q\000u\000a\000n\000t\000u\000m\000\040\000G\000r\000a\000v\000i\000t\000y}{section.1.6}% 43
\BOOKMARK [1][-]{section.1.7}{\376\377\000F\000u\000s\000i\000o\000n\000\040\000M\000e\000t\000h\000o\000d\000s}{chapter.1}% 44
\BOOKMARK [2][-]{subsection.1.7.1}{\376\377\000C\000l\000a\000s\000s\000i\000c\000\040\000I\000n\000e\000r\000t\000i\000a}{section.1.7}% 45
\BOOKMARK [2][-]{subsection.1.7.2}{\376\377\000A\000l\000t\000i\000t\000u\000d\000e}{section.1.7}% 46
\BOOKMARK [2][-]{subsection.1.7.3}{\376\377\000G\000P\000S\000/\000G\000N\000S\000S}{section.1.7}% 47
\BOOKMARK [2][-]{subsection.1.7.4}{\376\377\000Q\000u\000a\000n\000t\000u\000m\000\040\000I\000n\000e\000r\000t\000i\000a}{section.1.7}% 48
\BOOKMARK [2][-]{subsection.1.7.5}{\376\377\000Q\000u\000a\000n\000t\000u\000m\000\040\000G\000r\000a\000v\000i\000t\000y}{section.1.7}% 49
\BOOKMARK [1][-]{section.1.8}{\376\377\000U\000s\000e\000r\000\040\000C\000o\000n\000f\000i\000g\000u\000r\000a\000t\000i\000o\000n}{chapter.1}% 50
\BOOKMARK [2][-]{subsection.1.8.1}{\376\377\000C\000o\000n\000f\000i\000g\000u\000r\000a\000t\000i\000o\000n\000\040\000S\000e\000c\000t\000i\000o\000n\000s}{section.1.8}% 51
\BOOKMARK [3][-]{subsubsection*.16}{\376\377\000O\000u\000t\000p\000u\000t\000\040\000S\000e\000t\000t\000i\000n\000g\000s}{subsection.1.8.1}% 52
\BOOKMARK [3][-]{subsubsection*.17}{\376\377\000D\000a\000t\000a\000b\000a\000s\000e\000\040\000S\000e\000t\000t\000i\000n\000g\000s}{subsection.1.8.1}% 53
\BOOKMARK [3][-]{subsubsection*.18}{\376\377\000W\000a\000y\000p\000o\000i\000n\000t\000s\000\040\000S\000e\000t\000t\000i\000n\000g\000s}{subsection.1.8.1}% 54
\BOOKMARK [3][-]{subsubsection*.19}{\376\377\000R\000a\000c\000e\000t\000r\000a\000c\000k\000\040\000S\000e\000t\000t\000i\000n\000g\000s}{subsection.1.8.1}% 55
\BOOKMARK [3][-]{subsubsection*.20}{\376\377\000V\000e\000h\000i\000c\000l\000e\000\040\000S\000e\000t\000t\000i\000n\000g\000s}{subsection.1.8.1}% 56
\BOOKMARK [3][-]{subsubsection*.21}{\376\377\000G\000r\000a\000v\000i\000t\000y\000\040\000S\000e\000t\000t\000i\000n\000g\000s}{subsection.1.8.1}% 57
\BOOKMARK [3][-]{subsubsection*.22}{\376\377\000G\000e\000o\000i\000d\000\040\000S\000e\000t\000t\000i\000n\000g\000s}{subsection.1.8.1}% 58
\BOOKMARK [3][-]{subsubsection*.23}{\376\377\000M\000e\000a\000s\000u\000r\000e\000m\000e\000n\000t\000\040\000S\000e\000t\000t\000i\000n\000g\000s}{subsection.1.8.1}% 59
\BOOKMARK [3][-]{subsubsection*.24}{\376\377\000E\000s\000t\000i\000m\000a\000t\000i\000o\000n\000\040\000S\000e\000t\000t\000i\000n\000g\000s}{subsection.1.8.1}% 60
\BOOKMARK [3][-]{subsubsection*.25}{\376\377\000A\000l\000t\000i\000m\000e\000t\000e\000r\000\040\000S\000e\000t\000t\000i\000n\000g\000s}{subsection.1.8.1}% 61
\BOOKMARK [3][-]{subsubsection*.26}{\376\377\000G\000P\000S\000\040\000S\000e\000t\000t\000i\000n\000g\000s}{subsection.1.8.1}% 62
\BOOKMARK [3][-]{subsubsection*.27}{\376\377\000Q\000u\000a\000n\000t\000u\000m\000\040\000S\000e\000t\000t\000i\000n\000g\000s}{subsection.1.8.1}% 63
\BOOKMARK [3][-]{subsubsection*.28}{\376\377\000H\000o\000l\000o\000n\000o\000m\000i\000c\000\040\000S\000e\000t\000t\000i\000n\000g\000s}{subsection.1.8.1}% 64
\BOOKMARK [3][-]{subsubsection*.29}{\376\377\000R\000a\000n\000d\000o\000m\000\040\000S\000e\000t\000t\000i\000n\000g\000s}{subsection.1.8.1}% 65
\BOOKMARK [3][-]{subsubsection*.30}{\376\377\000M\000i\000s\000c\000\040\000S\000e\000t\000t\000i\000n\000g\000s}{subsection.1.8.1}% 66
\BOOKMARK [2][-]{subsection.1.8.2}{\376\377\000S\000u\000b\000-\000c\000o\000n\000f\000i\000g\000u\000r\000a\000t\000i\000o\000n\000\040\000F\000i\000l\000e\000s}{section.1.8}% 67
\BOOKMARK [1][-]{section.1.9}{\376\377\000S\000o\000f\000t\000w\000a\000r\000e\000\040\000C\000o\000m\000p\000o\000n\000e\000n\000t\000s}{chapter.1}% 68
\BOOKMARK [2][-]{subsection.1.9.1}{\376\377\000E\000a\000r\000t\000h}{section.1.9}% 69
\BOOKMARK [3][-]{subsubsection*.31}{\376\377\000q\000n\000a\000v\000.\000u\000t\000i\000l\000.\000t\000r\000a\000n\000s\000f\000o\000r\000m\000a\000t\000i\000o\000n\000s}{subsection.1.9.1}% 70
\BOOKMARK [4][-]{paragraph*.32}{\376\377\000t\000r\000a\000n\000s\000f\000o\000r\000m\000a\000t\000i\000o\000n\000s\000.\000p\000y}{subsubsection*.31}% 71
\BOOKMARK [3][-]{subsubsection*.74}{\376\377\000q\000n\000a\000v\000.\000e\000a\000r\000t\000h\000.\000d\000t\000e\000d}{subsection.1.9.1}% 72
\BOOKMARK [4][-]{paragraph*.75}{\376\377\000d\000t\000e\000d\000.\000p\000y}{subsubsection*.74}% 73
\BOOKMARK [3][-]{subsubsection*.90}{\376\377\000q\000n\000a\000v\000.\000e\000a\000r\000t\000h\000.\000g\000e\000o\000i\000d}{subsection.1.9.1}% 74
\BOOKMARK [4][-]{paragraph*.91}{\376\377\000g\000e\000o\000i\000d\000.\000p\000y}{subsubsection*.90}% 75
\BOOKMARK [3][-]{subsubsection*.110}{\376\377\000q\000n\000a\000v\000.\000e\000a\000r\000t\000h\000.\000u\000t\000m}{subsection.1.9.1}% 76
\BOOKMARK [2][-]{subsection.1.9.2}{\376\377\000E\000s\000t\000i\000m\000a\000t\000i\000o\000n}{section.1.9}% 77
\BOOKMARK [3][-]{subsubsection*.112}{\376\377\000q\000n\000a\000v\000.\000e\000s\000t\000i\000m\000a\000t\000i\000o\000n\000.\000s\000t\000a\000t\000e}{subsection.1.9.2}% 78
\BOOKMARK [4][-]{paragraph*.113}{\376\377\000s\000t\000a\000t\000e\000.\000p\000y}{subsubsection*.112}% 79
\BOOKMARK [2][-]{subsection.1.9.3}{\376\377\000F\000u\000s\000i\000o\000n}{section.1.9}% 80
\BOOKMARK [3][-]{subsubsection*.129}{\376\377\000q\000n\000a\000v\000.\000f\000u\000s\000i\000o\000n\000.\000i\000n\000s}{subsection.1.9.3}% 81
\BOOKMARK [4][-]{paragraph*.130}{\376\377\000i\000n\000s\000.\000p\000y}{subsubsection*.129}% 82
\BOOKMARK [3][-]{subsubsection*.137}{\376\377\000q\000n\000a\000v\000.\000f\000u\000s\000i\000o\000n\000.\000k\000a\000l\000m\000a\000n}{subsection.1.9.3}% 83
\BOOKMARK [4][-]{paragraph*.138}{\376\377\000k\000a\000l\000m\000a\000n\000.\000p\000y}{subsubsection*.137}% 84
\BOOKMARK [3][-]{subsubsection*.143}{\376\377\000q\000n\000a\000v\000.\000f\000u\000s\000i\000o\000n\000.\000a\000l\000t\000i\000m\000e\000t\000e\000r}{subsection.1.9.3}% 85
\BOOKMARK [4][-]{paragraph*.144}{\376\377\000a\000l\000t\000i\000t\000u\000d\000e\000.\000p\000y}{subsubsection*.143}% 86
\BOOKMARK [2][-]{subsection.1.9.4}{\376\377\000G\000P\000S}{section.1.9}% 87
\BOOKMARK [3][-]{subsubsection*.152}{\376\377\000q\000n\000a\000v\000.\000g\000p\000s\000.\000e\000p\000h\000e\000m\000e\000r\000i\000s}{subsection.1.9.4}% 88
\BOOKMARK [4][-]{paragraph*.153}{\376\377\000e\000p\000h\000e\000m\000e\000r\000i\000s\000.\000p\000y}{subsubsection*.152}% 89
\BOOKMARK [3][-]{subsubsection*.160}{\376\377\000q\000n\000a\000v\000.\000g\000p\000s\000.\000f\000u\000s\000i\000o\000n}{subsection.1.9.4}% 90
\BOOKMARK [4][-]{paragraph*.161}{\376\377\000f\000u\000s\000i\000o\000n\000.\000p\000y}{subsubsection*.160}% 91
\BOOKMARK [3][-]{subsubsection*.171}{\376\377\000q\000n\000a\000v\000.\000g\000p\000s\000.\000s\000a\000t\000e\000l\000l\000i\000t\000e}{subsection.1.9.4}% 92
\BOOKMARK [4][-]{paragraph*.172}{\376\377\000s\000a\000t\000e\000l\000l\000i\000t\000e\000.\000p\000y}{subsubsection*.171}% 93
\BOOKMARK [3][-]{subsubsection*.213}{\376\377\000q\000n\000a\000v\000.\000g\000p\000s\000.\000s\000e\000n\000s\000o\000r}{subsection.1.9.4}% 94
\BOOKMARK [4][-]{paragraph*.214}{\376\377\000g\000p\000s\000/\000s\000e\000n\000s\000o\000r\000.\000p\000y}{subsubsection*.213}% 95
\BOOKMARK [3][-]{subsubsection*.219}{\376\377\000q\000n\000a\000v\000.\000g\000p\000s\000.\000z\000o\000n\000e\000s}{subsection.1.9.4}% 96
\BOOKMARK [4][-]{paragraph*.220}{\376\377\000z\000o\000n\000e\000s\000.\000p\000y}{subsubsection*.219}% 97
\BOOKMARK [2][-]{subsection.1.9.5}{\376\377\000G\000r\000a\000v\000i\000t\000y}{section.1.9}% 98
\BOOKMARK [3][-]{subsubsection*.236}{\376\377\000q\000n\000a\000v\000.\000g\000r\000a\000v\000i\000t\000y\000.\000b\000a\000s\000e}{subsection.1.9.5}% 99
\BOOKMARK [4][-]{paragraph*.237}{\376\377\000b\000a\000s\000e\000.\000p\000y}{subsubsection*.236}% 100
\BOOKMARK [3][-]{subsubsection*.247}{\376\377\000q\000n\000a\000v\000.\000g\000r\000a\000v\000i\000t\000y\000.\000s\000i\000m\000p\000l\000e}{subsection.1.9.5}% 101
\BOOKMARK [4][-]{paragraph*.248}{\376\377\000s\000i\000m\000p\000l\000e\000.\000p\000y}{subsubsection*.247}% 102
\BOOKMARK [3][-]{subsubsection*.255}{\376\377\000q\000n\000a\000v\000.\000g\000r\000a\000v\000i\000t\000y\000.\000s\000o\000m\000i\000g\000l\000i\000a\000n\000a}{subsection.1.9.5}% 103
\BOOKMARK [4][-]{paragraph*.256}{\376\377\000s\000o\000m\000i\000g\000l\000i\000a\000n\000a\000.\000p\000y}{subsubsection*.255}% 104
\BOOKMARK [3][-]{subsubsection*.262}{\376\377\000q\000n\000a\000v\000.\000g\000r\000a\000v\000i\000t\000y\000.\000n\000i\000m\000a}{subsection.1.9.5}% 105
\BOOKMARK [4][-]{paragraph*.263}{\376\377\000n\000i\000m\000a\000.\000p\000y}{subsubsection*.262}% 106
\BOOKMARK [3][-]{subsubsection*.267}{\376\377\000q\000n\000a\000v\000.\000g\000r\000a\000v\000i\000t\000y\000.\000m\000a\000p}{subsection.1.9.5}% 107
\BOOKMARK [4][-]{paragraph*.268}{\376\377\000m\000a\000p\000.\000p\000y}{subsubsection*.267}% 108
\BOOKMARK [3][-]{subsubsection*.282}{\376\377\000q\000n\000a\000v\000.\000g\000r\000a\000v\000i\000t\000y\000.\000e\000g\000m}{subsection.1.9.5}% 109
\BOOKMARK [4][-]{paragraph*.283}{\376\377\000e\000g\000m\000.\000p\000y}{subsubsection*.282}% 110
\BOOKMARK [3][-]{subsubsection*.291}{\376\377\000q\000n\000a\000v\000.\000g\000r\000a\000v\000i\000t\000y\000.\000g\000e\000o\000s\000a\000t}{subsection.1.9.5}% 111
\BOOKMARK [4][-]{paragraph*.292}{\376\377\000g\000e\000o\000s\000a\000t\000.\000p\000y}{subsubsection*.291}% 112
\BOOKMARK [3][-]{subsubsection*.305}{\376\377\000q\000n\000a\000v\000.\000g\000r\000a\000v\000i\000t\000y\000.\000m\000a\000r\000i\000n\000e}{subsection.1.9.5}% 113
\BOOKMARK [4][-]{paragraph*.306}{\376\377\000m\000a\000r\000i\000n\000e\000.\000p\000y}{subsubsection*.305}% 114
\BOOKMARK [3][-]{subsubsection*.318}{\376\377\000q\000n\000a\000v\000.\000g\000r\000a\000v\000i\000t\000y\000.\000g\000g\000m\000\137\000p\000l\000u\000s}{subsection.1.9.5}% 115
\BOOKMARK [4][-]{paragraph*.319}{\376\377\000g\000g\000m\000\137\000p\000l\000u\000s\000.\000p\000y}{subsubsection*.318}% 116
\BOOKMARK [3][-]{subsubsection*.339}{\376\377\000q\000n\000a\000v\000.\000g\000r\000a\000v\000i\000t\000y\000.\000s\000r\000t\000m\0002\000g\000r\000a\000v\000i\000t\000y}{subsection.1.9.5}% 117
\BOOKMARK [4][-]{paragraph*.340}{\376\377\000s\000r\000t\000m\0002\000g\000r\000a\000v\000i\000t\000y\000.\000p\000y}{subsubsection*.339}% 118
\BOOKMARK [3][-]{subsubsection*.345}{\376\377\000q\000n\000a\000v\000.\000g\000r\000a\000v\000i\000t\000y\000.\000i\000r\000i\000s\000h}{subsection.1.9.5}% 119
\BOOKMARK [2][-]{subsection.1.9.6}{\376\377\000I\000n\000p\000u\000t}{section.1.9}% 120
\BOOKMARK [3][-]{subsubsection*.357}{\376\377\000q\000n\000a\000v\000.\000i\000n\000p\000u\000t\000.\000c\000o\000n\000f\000i\000g}{subsection.1.9.6}% 121
\BOOKMARK [4][-]{paragraph*.358}{\376\377\000c\000o\000n\000f\000i\000g\000.\000p\000y}{subsubsection*.357}% 122
\BOOKMARK [3][-]{subsubsection*.370}{\376\377\000q\000n\000a\000v\000.\000i\000n\000p\000u\000t\000.\000c\000o\000n\000f\000i\000g\000\137\000h\000a\000n\000d\000l\000e\000r}{subsection.1.9.6}% 123
\BOOKMARK [4][-]{paragraph*.371}{\376\377\000c\000o\000n\000f\000i\000g\000\137\000h\000a\000n\000d\000l\000e\000r\000.\000p\000y}{subsubsection*.370}% 124
\BOOKMARK [2][-]{subsection.1.9.7}{\376\377\000M\000e\000a\000s\000u\000r\000e\000m\000e\000n\000t}{section.1.9}% 125
\BOOKMARK [3][-]{subsubsection*.395}{\376\377\000q\000n\000a\000v\000.\000m\000e\000a\000s\000u\000r\000e\000m\000e\000n\000t\000.\000s\000e\000n\000s\000o\000r}{subsection.1.9.7}% 126
\BOOKMARK [4][-]{paragraph*.396}{\376\377\000s\000e\000n\000s\000o\000r\000.\000p\000y}{subsubsection*.395}% 127
\BOOKMARK [3][-]{subsubsection*.410}{\376\377\000q\000n\000a\000v\000.\000m\000e\000a\000s\000u\000r\000e\000m\000e\000n\000t\000.\000p\000l\000a\000t\000f\000o\000r\000m}{subsection.1.9.7}% 128
\BOOKMARK [4][-]{paragraph*.411}{\376\377\000p\000l\000a\000t\000f\000o\000r\000m\000.\000p\000y}{subsubsection*.410}% 129
\BOOKMARK [3][-]{subsubsection*.417}{\376\377\000q\000n\000a\000v\000.\000m\000e\000a\000s\000u\000r\000e\000m\000e\000n\000t\000.\000e\000r\000r\000o\000r\000\137\000p\000r\000o\000p\000e\000r\000t\000i\000e\000s}{subsection.1.9.7}% 130
\BOOKMARK [4][-]{paragraph*.418}{\376\377\000e\000r\000r\000o\000r\000\137\000p\000r\000o\000p\000e\000r\000t\000i\000e\000s\000.\000p\000y}{subsubsection*.417}% 131
\BOOKMARK [3][-]{subsubsection*.426}{\376\377\000q\000n\000a\000v\000.\000m\000e\000a\000s\000u\000r\000e\000m\000e\000n\000t\000.\000a\000c\000c\000e\000l\000e\000r\000o\000m\000e\000t\000e\000r}{subsection.1.9.7}% 132
\BOOKMARK [4][-]{paragraph*.427}{\376\377\000a\000c\000c\000e\000l\000e\000r\000o\000m\000e\000t\000e\000r\000.\000p\000y}{subsubsection*.426}% 133
\BOOKMARK [3][-]{subsubsection*.433}{\376\377\000q\000n\000a\000v\000.\000m\000e\000a\000s\000u\000r\000e\000m\000e\000n\000t\000.\000g\000y\000r\000o\000s\000c\000o\000p\000e}{subsection.1.9.7}% 134
\BOOKMARK [4][-]{paragraph*.434}{\376\377\000g\000y\000r\000o\000s\000c\000o\000p\000e\000.\000p\000y}{subsubsection*.433}% 135
\BOOKMARK [3][-]{subsubsection*.440}{\376\377\000q\000n\000a\000v\000.\000m\000e\000a\000s\000u\000r\000e\000m\000e\000n\000t\000.\000a\000l\000t\000i\000m\000e\000t\000e\000r}{subsection.1.9.7}% 136
\BOOKMARK [4][-]{paragraph*.441}{\376\377\000a\000l\000t\000i\000m\000e\000t\000e\000r\000.\000p\000y}{subsubsection*.440}% 137
\BOOKMARK [3][-]{subsubsection*.446}{\376\377\000q\000n\000a\000v\000.\000m\000e\000a\000s\000u\000r\000e\000m\000e\000n\000t\000.\000c\000l\000o\000c\000k}{subsection.1.9.7}% 138
\BOOKMARK [4][-]{paragraph*.447}{\376\377\000c\000l\000o\000c\000k\000.\000p\000y}{subsubsection*.446}% 139
\BOOKMARK [2][-]{subsection.1.9.8}{\376\377\000O\000u\000t\000p\000u\000t}{section.1.9}% 140
\BOOKMARK [3][-]{subsubsection*.454}{\376\377\000q\000n\000a\000v\000.\000o\000u\000t\000p\000u\000t\000.\000d\000a\000t\000a}{subsection.1.9.8}% 141
\BOOKMARK [3][-]{subsubsection*.457}{\376\377\000q\000n\000a\000v\000.\000o\000u\000t\000p\000u\000t\000.\000f\000o\000r\000m\000a\000t\000s}{subsection.1.9.8}% 142
\BOOKMARK [3][-]{subsubsection*.468}{\376\377\000q\000n\000a\000v\000.\000o\000u\000t\000p\000u\000t\000.\000f\000i\000g\000u\000r\000e\000s}{subsection.1.9.8}% 143
\BOOKMARK [3][-]{subsubsection*.469}{\376\377\000q\000n\000a\000v\000.\000o\000u\000t\000p\000u\000t\000.\000s\000u\000m\000m\000a\000r\000y}{subsection.1.9.8}% 144
\BOOKMARK [2][-]{subsection.1.9.9}{\376\377\000Q\000u\000a\000n\000t\000u\000m}{section.1.9}% 145
\BOOKMARK [3][-]{subsubsection*.470}{\376\377\000q\000n\000a\000v\000.\000q\000u\000a\000n\000t\000u\000m\000.\000b\000a\000s\000e}{subsection.1.9.9}% 146
\BOOKMARK [4][-]{paragraph*.471}{\376\377\000b\000a\000s\000e\000.\000p\000y}{subsubsection*.470}% 147
\BOOKMARK [3][-]{subsubsection*.484}{\376\377\000q\000n\000a\000v\000.\000q\000u\000a\000n\000t\000u\000m\000.\000r\000e\000a\000l\000i\000s\000t\000i\000c}{subsection.1.9.9}% 148
\BOOKMARK [4][-]{paragraph*.485}{\376\377\000r\000e\000a\000l\000i\000s\000t\000i\000c\000.\000p\000y}{subsubsection*.484}% 149
\BOOKMARK [3][-]{subsubsection*.491}{\376\377\000q\000n\000a\000v\000.\000q\000u\000a\000n\000t\000u\000m\000.\000p\000a\000r\000t\000i\000c\000l\000e\000\137\000f\000i\000l\000t\000e\000r}{subsection.1.9.9}% 150
\BOOKMARK [4][-]{paragraph*.492}{\376\377\000p\000a\000r\000t\000i\000c\000l\000e\000\137\000f\000i\000l\000t\000e\000r\000.\000p\000y}{subsubsection*.491}% 151
\BOOKMARK [3][-]{subsubsection*.496}{\376\377\000q\000n\000a\000v\000.\000q\000u\000a\000n\000t\000u\000m\000.\000m\000i\000s\000a\000l\000i\000g\000n\000m\000e\000n\000t}{subsection.1.9.9}% 152
\BOOKMARK [4][-]{paragraph*.497}{\376\377\000m\000i\000s\000a\000l\000i\000g\000n\000m\000e\000n\000t\000.\000p\000y}{subsubsection*.496}% 153
\BOOKMARK [3][-]{subsubsection*.499}{\376\377\000q\000n\000a\000v\000.\000q\000u\000a\000n\000t\000u\000m\000.\000g\000r\000a\000v\000i\000t\000y\000\137\000g\000r\000a\000d\000i\000e\000n\000t}{subsection.1.9.9}% 154
\BOOKMARK [4][-]{paragraph*.500}{\376\377\000g\000r\000a\000v\000i\000t\000y\000\137\000g\000r\000a\000d\000i\000e\000n\000t\000.\000p\000y}{subsubsection*.499}% 155
\BOOKMARK [3][-]{subsubsection*.516}{\376\377\000q\000n\000a\000v\000.\000q\000u\000a\000n\000t\000u\000m\000.\000d\000u\000m\000m\000y}{subsection.1.9.9}% 156
\BOOKMARK [4][-]{paragraph*.517}{\376\377\000d\000u\000m\000m\000y\000\137\000s\000e\000n\000s\000o\000r\000s\000.\000p\000y}{subsubsection*.516}% 157
\BOOKMARK [2][-]{subsection.1.9.10}{\376\377\000S\000i\000m\000u\000l\000a\000t\000i\000o\000n}{section.1.9}% 158
\BOOKMARK [3][-]{subsubsection*.524}{\376\377\000q\000n\000a\000v\000.\000s\000i\000m\000u\000l\000a\000t\000i\000o\000n\000.\000s\000i\000m\000u\000l\000a\000t\000i\000o\000n}{subsection.1.9.10}% 159
\BOOKMARK [4][-]{paragraph*.525}{\376\377\000s\000i\000m\000u\000l\000a\000t\000i\000o\000n\000.\000p\000y}{subsubsection*.524}% 160
\BOOKMARK [3][-]{subsubsection*.527}{\376\377\000q\000n\000a\000v\000.\000s\000i\000m\000u\000l\000a\000t\000i\000o\000n\000.\000s\000c\000h\000e\000d\000u\000l\000i\000n\000g}{subsection.1.9.10}% 161
\BOOKMARK [4][-]{paragraph*.528}{\376\377\000s\000c\000h\000e\000d\000u\000l\000i\000n\000g\000.\000p\000y}{subsubsection*.527}% 162
\BOOKMARK [3][-]{subsubsection*.536}{\376\377\000q\000n\000a\000v\000.\000s\000i\000m\000u\000l\000a\000t\000i\000o\000n\000.\000h\000o\000l\000o\000n\000o\000m\000i\000c}{subsection.1.9.10}% 163
\BOOKMARK [4][-]{paragraph*.537}{\376\377\000h\000o\000l\000o\000n\000o\000m\000i\000c\000.\000p\000y}{subsubsection*.536}% 164
\BOOKMARK [3][-]{subsubsection*.546}{\376\377\000q\000n\000a\000v\000.\000s\000i\000m\000u\000l\000a\000t\000i\000o\000n\000.\000s\000i\000m\000u\000l\000a\000t\000i\000o\000n}{subsection.1.9.10}% 165
\BOOKMARK [4][-]{paragraph*.547}{\376\377\000s\000i\000m\000u\000l\000a\000t\000i\000o\000n\000.\000p\000y}{subsubsection*.546}% 166
\BOOKMARK [3][-]{subsubsection*.549}{\376\377\000q\000n\000a\000v\000.\000s\000i\000m\000u\000l\000a\000t\000i\000o\000n\000.\000d\000i\000s\000p\000l\000a\000y}{subsection.1.9.10}% 167
\BOOKMARK [4][-]{paragraph*.550}{\376\377\000d\000i\000s\000p\000l\000a\000y\000.\000p\000y}{subsubsection*.549}% 168
\BOOKMARK [2][-]{subsection.1.9.11}{\376\377\000U\000t\000i\000l}{section.1.9}% 169
\BOOKMARK [3][-]{subsubsection*.569}{\376\377\000q\000n\000a\000v\000.\000u\000t\000i\000l\000.\000c\000o\000n\000s\000t\000a\000n\000t\000s}{subsection.1.9.11}% 170
\BOOKMARK [4][-]{paragraph*.570}{\376\377\000c\000o\000n\000s\000t\000a\000n\000t\000s\000.\000p\000y}{subsubsection*.569}% 171
\BOOKMARK [3][-]{subsubsection*.583}{\376\377\000q\000n\000a\000v\000.\000u\000t\000i\000l\000.\000c\000o\000n\000n\000e\000c\000t\000i\000o\000n\000s}{subsection.1.9.11}% 172
\BOOKMARK [3][-]{subsubsection*.585}{\376\377\000q\000n\000a\000v\000.\000u\000t\000i\000l\000.\000s\000y\000s\000t\000e\000m}{subsection.1.9.11}% 173
\BOOKMARK [4][-]{paragraph*.586}{\376\377\000c\000o\000m\000m\000o\000n\000.\000p\000y}{subsubsection*.585}% 174
\BOOKMARK [3][-]{subsubsection*.593}{\376\377\000q\000n\000a\000v\000.\000u\000t\000i\000l\000.\000r\000n\000g}{subsection.1.9.11}% 175
\BOOKMARK [4][-]{paragraph*.594}{\376\377\000r\000n\000g\000.\000p\000y}{subsubsection*.593}% 176
\BOOKMARK [2][-]{subsection.1.9.12}{\376\377\000W\000a\000y\000p\000o\000i\000n\000t\000s}{section.1.9}% 177
\BOOKMARK [3][-]{subsubsection*.601}{\376\377\000q\000n\000a\000v\000.\000w\000a\000y\000p\000o\000i\000n\000t\000s\000.\000g\000e\000n\000e\000r\000a\000t\000i\000o\000n}{subsection.1.9.12}% 178
\BOOKMARK [4][-]{paragraph*.602}{\376\377\000g\000e\000n\000e\000r\000a\000t\000i\000o\000n\000.\000p\000y}{subsubsection*.601}% 179
\BOOKMARK [3][-]{subsubsection*.618}{\376\377\000q\000n\000a\000v\000.\000w\000a\000y\000p\000o\000i\000n\000t\000s\000.\000t\000r\000a\000j\000e\000c\000t\000o\000r\000y}{subsection.1.9.12}% 180
\BOOKMARK [4][-]{paragraph*.619}{\376\377\000t\000r\000a\000j\000e\000c\000t\000o\000r\000y\000.\000p\000y}{subsubsection*.618}% 181
\BOOKMARK [3][-]{subsubsection*.638}{\376\377\000q\000n\000a\000v\000.\000w\000a\000y\000p\000o\000i\000n\000t\000s\000.\000v\000e\000h\000i\000c\000l\000e}{subsection.1.9.12}% 182
\BOOKMARK [4][-]{paragraph*.639}{\376\377\000v\000e\000h\000i\000c\000l\000e\000.\000p\000y}{subsubsection*.638}% 183
\BOOKMARK [3][-]{subsubsection*.668}{\376\377\000q\000n\000a\000v\000.\000w\000a\000y\000p\000o\000i\000n\000t\000s\000.\000t\000r\000a\000c\000k\000s}{subsection.1.9.12}% 184
\BOOKMARK [4][-]{paragraph*.669}{\376\377\000t\000r\000a\000c\000k\000s\000.\000p\000y}{subsubsection*.668}% 185
\BOOKMARK [1][-]{section.1.10}{\376\377\000S\000y\000s\000t\000e\000m\000\040\000R\000e\000q\000u\000i\000r\000e\000m\000e\000n\000t\000s}{chapter.1}% 186
\BOOKMARK [2][-]{subsection.1.10.1}{\376\377\000H\000a\000r\000d\000w\000a\000r\000e\000\040\000R\000e\000q\000u\000i\000r\000e\000m\000e\000n\000t\000s}{section.1.10}% 187
\BOOKMARK [3][-]{subsubsection*.671}{\376\377\000M\000i\000n\000i\000m\000u\000m\000\040\000S\000p\000e\000c\000i\000f\000i\000c\000a\000t\000i\000o\000n\000s}{subsection.1.10.1}% 188
\BOOKMARK [3][-]{subsubsection*.672}{\376\377\000R\000e\000c\000o\000m\000m\000e\000n\000d\000e\000d\000\040\000S\000p\000e\000c\000i\000f\000i\000c\000a\000t\000i\000o\000n\000s}{subsection.1.10.1}% 189
\BOOKMARK [3][-]{subsubsection*.673}{\376\377\000N\000o\000t\000e\000\040\000A\000b\000o\000u\000t\000\040\000M\000e\000m\000o\000r\000y\000\040\000a\000n\000d\000\040\000S\000t\000o\000r\000a\000g\000e}{subsection.1.10.1}% 190
\BOOKMARK [2][-]{subsection.1.10.2}{\376\377\000S\000o\000f\000t\000w\000a\000r\000e\000\040\000R\000e\000q\000u\000i\000r\000e\000m\000e\000n\000t\000s}{section.1.10}% 191
\BOOKMARK [3][-]{subsubsection*.674}{\376\377\000O\000p\000e\000r\000a\000t\000i\000n\000g\000\040\000S\000y\000s\000t\000e\000m}{subsection.1.10.2}% 192
\BOOKMARK [3][-]{subsubsection*.675}{\376\377\000P\000y\000t\000h\000o\000n}{subsection.1.10.2}% 193
\BOOKMARK [3][-]{subsubsection*.676}{\376\377\000R\000e\000q\000u\000i\000r\000e\000d\000\040\000P\000a\000c\000k\000a\000g\000e\000s}{subsection.1.10.2}% 194
\BOOKMARK [1][-]{section.1.11}{\376\377\000E\000x\000a\000m\000p\000l\000e\000\040\000U\000s\000a\000g\000e}{chapter.1}% 195
\BOOKMARK [2][-]{subsection.1.11.1}{\376\377\000C\000h\000a\000n\000g\000i\000n\000g\000\040\000I\000N\000S\000\040\000G\000r\000a\000d\000e\000s}{section.1.11}% 196
\BOOKMARK [2][-]{subsection.1.11.2}{\376\377\000C\000h\000a\000n\000g\000i\000n\000g\000\040\000I\000N\000S\000\040\000I\000n\000t\000e\000g\000r\000a\000t\000i\000o\000n}{section.1.11}% 197
\BOOKMARK [2][-]{subsection.1.11.3}{\376\377\000H\000o\000l\000o\000n\000o\000m\000i\000c\000\040\000C\000o\000n\000s\000t\000r\000a\000i\000n\000t\000s}{section.1.11}% 198
\BOOKMARK [2][-]{subsection.1.11.4}{\376\377\000V\000e\000h\000i\000c\000l\000e\000\040\000M\000o\000d\000e\000l\000s}{section.1.11}% 199
\BOOKMARK [2][-]{subsection.1.11.5}{\376\377\000C\000o\000n\000f\000i\000g\000u\000r\000i\000n\000g\000\040\000T\000r\000a\000j\000e\000c\000t\000o\000r\000i\000e\000s}{section.1.11}% 200
\BOOKMARK [2][-]{subsection.1.11.6}{\376\377\000A\000l\000t\000i\000m\000e\000t\000e\000r\000\040\000S\000e\000n\000s\000o\000r\000s\000\040\000a\000n\000d\000\040\000F\000u\000s\000i\000o\000n}{section.1.11}% 201
\BOOKMARK [2][-]{subsection.1.11.7}{\376\377\000G\000P\000S\000\040\000S\000e\000n\000s\000o\000r\000s\000\040\000a\000n\000d\000\040\000F\000u\000s\000i\000o\000n}{section.1.11}% 202
\BOOKMARK [2][-]{subsection.1.11.8}{\376\377\000I\000n\000e\000r\000t\000i\000a\000l\000\040\000Q\000u\000a\000n\000t\000u\000m\000\040\000S\000e\000n\000s\000o\000r\000s}{section.1.11}% 203
\BOOKMARK [1][-]{section.1.12}{\376\377\000F\000r\000e\000q\000u\000e\000n\000t\000l\000y\000\040\000A\000s\000k\000e\000d\000\040\000Q\000u\000e\000s\000t\000i\000o\000n\000s}{chapter.1}% 204
\BOOKMARK [2][-]{subsection.1.12.1}{\376\377\000Q\000u\000e\000s\000t\000i\000o\000n\000s\000\040\000a\000n\000d\000\040\000A\000n\000s\000w\000e\000r\000s}{section.1.12}% 205
\BOOKMARK [1][-]{section.1.13}{\376\377\000P\000o\000t\000e\000n\000t\000i\000a\000l\000\040\000F\000u\000t\000u\000r\000e\000\040\000W\000o\000r\000k}{chapter.1}% 206
\BOOKMARK [2][-]{subsection.1.13.1}{\376\377\000P\000o\000s\000s\000i\000b\000l\000e\000\040\000E\000x\000t\000e\000n\000s\000i\000o\000n\000s}{section.1.13}% 207
\BOOKMARK [1][-]{section.1.14}{\376\377\000S\000o\000f\000t\000w\000a\000r\000e\000\040\000L\000i\000c\000e\000n\000c\000e}{chapter.1}% 208
\BOOKMARK [2][-]{subsection.1.14.1}{\376\377\000M\000I\000T\000\040\000L\000i\000c\000e\000n\000s\000e}{section.1.14}% 209
\BOOKMARK [0][-]{chapter.2}{\376\377\000I\000n\000d\000i\000c\000e\000s\000\040\000a\000n\000d\000\040\000t\000a\000b\000l\000e\000s}{}% 210
\BOOKMARK [0][-]{section*.677}{\376\377\000P\000y\000t\000h\000o\000n\000\040\000M\000o\000d\000u\000l\000e\000\040\000I\000n\000d\000e\000x}{}% 211
\BOOKMARK [0][-]{section*.678}{\376\377\000I\000n\000d\000e\000x}{}% 212
